{
  "name": "integration_test",
  "backend": {
    "type": "testcontainer",
    "image": "postgres:15",
    "ports": [5432]
  },
  "steps": [
    {
      "name": "setup",
      "command": "psql",
      "args": ["-c", "CREATE TABLE users (id INT)"],
      "expected_exit_code": 0
    }
  ],
  "policy": {
    "security_level": "high",
    "network_access": true,
    "file_system_access": false
  }
}
